---
source: crates/podbox/tests/codegen_tests.rs
expression: q
---
[Unit]
Description=podbox host-guest socket -- myenv

[Socket]
ListenStream=%t/podbox/myenv.sock
Service=myenv-host.service
SocketMode=0600
DirectoryMode=0700
RuntimeDirectory=podbox
RuntimeDirectoryMode=0700

[Install]
WantedBy=sockets.target
